eeschema (22-Jun-2014 BZR 4027)-stable  >> Creation date: mar 02 sep 2014 22:58:49 CST
#Cmp ( order = Reference )
| AD1        AD2S1210    
| C1         4.7µ       
| C2         10n         
| C3         10n         
| C4         20p         
| C5         10n         
| C6         10µ        
| C7         4.7µ       
| C8         20p         
| C9         10n         
| C10        4.7µ       
| C11        2.2µ       
| C12        120p        
| C13        120p        
| C14        220µ       
| C15        10µ        
| C16        100n        
| C17        100n        
| C18        10n         
| C19        100n        
| C20        10µ        
| C21        10µ        
| D1         DIODE       
| D2         DIODE       
| D3         DIODE       
| D4         DIODE       
| D5         DIODE       
| Drill1     Drill1      
| Drill2     Drill2      
| Drill3     Drill3      
| Drill4     Drill4      
| F1         FUSE        
| IC1        AD8662      
| K1         JP_1        
| K2         V_control   
| K3         Power       
| P1         conn_stm32f4
| P2         AOUT        
| P3         conn_motor_control
| P4         JP_2        
| P5         JP_3        
| Q1         RECOM       
| Q2         BC846       
| Q3         BC856       
| Q4         BC846       
| Q5         BC856       
| R1         1k          
| R2         2.2k        
| R3         8.66k       
| R4         10k         
| R5         22k         
| R6         10k         
| R7         3.3k        
| R8         3.3k        
| R9         2.2k        
| R10        4.7k        
| R11        4.7k        
| R12        4.7k        
| R13        4.7k        
| R14        2.2k        
| R15        3.3k        
| R16        3.3k        
| R17        13.3k       
| R18        10k         
| R19        22k         
| R20        10k         
| R21        2.2k        
| R22        0k          
| R23        0k          
| R24        15.4k       
| R25        8.66k       
| R26        15.4k       
| R27        13.3k       
| X1         8.192 MHZ   
#End Cmp

#Componentes ( orden = Valor )
| AD2S1210     AD1       
| 20p          C4        
| 20p          C8        
| 120p         C12       
| 120p         C13       
| 10n          C2        
| 10n          C3        
| 10n          C5        
| 10n          C9        
| 10n          C18       
| 100n         C16       
| 100n         C17       
| 100n         C19       
| 2.2µ        C11       
| 4.7µ        C1        
| 4.7µ        C7        
| 4.7µ        C10       
| 10µ         C6        
| 220µ        C14       
| 10µ         C15       
| 10µ         C20       
| 10µ         C21       
| DIODE        D1        
| DIODE        D2        
| DIODE        D3        
| DIODE        D4        
| DIODE        D5        
| Drill1       Drill1    
| Drill2       Drill2    
| Drill3       Drill3    
| Drill4       Drill4    
| FUSE         F1        
| AD8662       IC1       
| JP_1         K1        
| V_control    K2        
| Power        K3        
| conn_stm32f4 P1        
| AOUT         P2        
| conn_motor_control P3        
| JP_2         P4        
| JP_3         P5        
| RECOM        Q1        
| BC846        Q2        
| BC856        Q3        
| BC846        Q4        
| BC856        Q5        
| 0k           R22       
| 0k           R23       
| 1k           R1        
| 2.2k         R2        
| 2.2k         R9        
| 2.2k         R14       
| 2.2k         R21       
| 3.3k         R7        
| 3.3k         R8        
| 3.3k         R15       
| 3.3k         R16       
| 4.7k         R10       
| 4.7k         R11       
| 4.7k         R12       
| 4.7k         R13       
| 8.66k        R3        
| 8.66k        R25       
| 10k          R4        
| 10k          R6        
| 10k          R18       
| 10k          R20       
| 13.3k        R17       
| 13.3k        R27       
| 15.4k        R24       
| 15.4k        R26       
| 22k          R5        
| 22k          R19       
| 8.192 MHZ    X1        
#Fin Componentes

#Fin de Lista
